// Jest Snapshot v1, https://goo.gl/fbAQLP

exports[`ChatRoom component SnapShot rendering ChatRoom 1`] = `
<div
  className="chat"
>
  <h2
    className="ui dividing header chat_title blue"
  >
    <div
      className="content"
    >
      <span
        className="chat_title_img avatar mock_user_name"
      />
      <span>
        mock_avatar_class
      </span>
    </div>
  </h2>
  <ul
    className="chat_box"
    id="chat_container"
  >
     
  </ul>
  <div
    className="chat_send"
  >
    <div
      className="ui icon input  chat_send_input"
    >
      <input
        disabled={false}
        name="inputMessage"
        onChange={[Function]}
        onKeyPress={[Function]}
        placeholder="Type message..."
        type="input"
        value=""
      />
      <i
        className="wechat icon"
      />
    </div>
    <button
      className="ui primary button"
      disabled={true}
      onClick={[Function]}
    >
      send
    </button>
  </div>
</div>
`;
