// Jest Snapshot v1, https://goo.gl/fbAQLP

exports[`MessageListItem component SnapShot rendering MessageListItem 1`] = `
<li
  className="chat_item"
>
  <div
    className="chat_item_text_header chat_item_user"
  >
    <h3
      className="chat_item_user_name"
    >
      mock_user_name
    </h3>
    <h3>
      02:00:00
    </h3>
  </div>
  <div
    className="ui message chat_item_msg chat_item_msg_user"
  >
    <div />
    <div
      className="chat_item_img avatar mock_avatar_class"
    />
    <div
      className="chat_item_text chat_item_msg chat_item_msg_user"
    >
      <p
        className="ui left pointing blue chat_item_msg_user basic label"
      >
        mock_text
      </p>
    </div>
  </div>
</li>
`;
