// Jest Snapshot v1, https://goo.gl/fbAQLP

exports[`SendMessage component SnapShot rendering SendMessage 1`] = `
<div
  className="chat_send"
>
  <div
    className="ui icon input  chat_send_input"
  >
    <input
      disabled={false}
      name="inputMessage"
      onChange={[Function]}
      onKeyPress={[Function]}
      placeholder="Type message..."
      type="input"
      value=""
    />
    <i
      className="wechat icon"
    />
  </div>
  <button
    className="ui primary button"
    disabled={true}
    onClick={[Function]}
  >
    send
  </button>
</div>
`;
