// Jest Snapshot v1, https://goo.gl/fbAQLP

exports[`Title component SnapShot rendering ChatRoom 1`] = `
<h2
  className="ui dividing header chat_title blue"
>
  <div
    className="content"
  >
    <span
      className="chat_title_img avatar "
    />
    <span>
      mock_user_name
    </span>
  </div>
</h2>
`;
